[
  {
    "ID": "alpine-baselayout@3.1.2-r0",
    "Name": "alpine-baselayout",
    "Version": "3.1.2-r0",
    "Arch": "x86_64",
    "SrcName": "alpine-baselayout",
    "SrcVersion": "3.1.2-r0",
    "Licenses": [
      "GPL-2.0"
    ],
    "DependsOn": [
      "busybox@1.30.1-r2",
      "musl@1.1.22-r3"
    ],
    "Layer": {
      "Digest": "sha256:9d48c3bd43c520dc2784e868a780e976b207cbf493eaff8c6596eb871cbd9609",
      "DiffID": "sha256:03901b4a2ea88eeaad62dbe59b072b28b6efa00491962b8741081c5df50c65e0"
    },
    "Digest": "sha1:574d490311b68db01c0a3e44f5491be0cdc79250"
  },
  {
    "ID": "alpine-keys@2.1-r2",
    "Name": "alpine-keys",
    "Version": "2.1-r2",
    "Arch": "x86_64",
    "SrcName": "alpine-keys",
    "SrcVersion": "2.1-r2",
    "Licenses": [
      "MIT"
    ],
    "Layer": {
      "Digest": "sha256:9d48c3bd43c520dc2784e868a780e976b207cbf493eaff8c6596eb871cbd9609",
      "DiffID": "sha256:03901b4a2ea88eeaad62dbe59b072b28b6efa00491962b8741081c5df50c65e0"
    },
    "Digest": "sha1:6dd672e2dabc14aa324cf9cd4553e98b69a769c1"
  },
  {
    "ID": "apk-tools@2.10.4-r2",
    "Name": "apk-tools",
    "Version": "2.10.4-r2",
    "Arch": "x86_64",
    "SrcName": "apk-tools",
    "SrcVersion": "2.10.4-r2",
    "Licenses": [
      "GPL-2.0"
    ],
    "DependsOn": [
      "libcrypto1.1@1.1.1c-r0",
      "libssl1.1@1.1.1c-r0",
      "musl@1.1.22-r3",
      "zlib@1.2.11-r1"
    ],
    "Layer": {
      "Digest": "sha256:9d48c3bd43c520dc2784e868a780e976b207cbf493eaff8c6596eb871cbd9609",
      "DiffID": "sha256:03901b4a2ea88eeaad62dbe59b072b28b6efa00491962b8741081c5df50c65e0"
    },
    "Digest": "sha1:e6393c9419776955346cddd70ad4ec66082a2705"
  },
  {
    "ID": "busybox@1.30.1-r2",
    "Name": "busybox",
    "Version": "1.30.1-r2",
    "Arch": "x86_64",
    "SrcName": "busybox",
    "SrcVersion": "1.30.1-r2",
    "Licenses": [
      "GPL-2.0"
    ],
    "DependsOn": [
      "musl@1.1.22-r3"
    ],
    "Layer": {
      "Digest": "sha256:9d48c3bd43c520dc2784e868a780e976b207cbf493eaff8c6596eb871cbd9609",
      "DiffID": "sha256:03901b4a2ea88eeaad62dbe59b072b28b6efa00491962b8741081c5df50c65e0"
    },
    "Digest": "sha1:9c244d7f4909bffcef4c67380b6aed145c41a232"
  },
  {
    "ID": "ca-certificates-cacert@20190108-r0",
    "Name": "ca-certificates-cacert",
    "Version": "20190108-r0",
    "Arch": "x86_64",
    "SrcName": "ca-certificates",
    "SrcVersion": "20190108-r0",
    "Licenses": [
      "MPL-2.0",
      "GPL-2.0"
    ],
    "Layer": {
      "Digest": "sha256:9d48c3bd43c520dc2784e868a780e976b207cbf493eaff8c6596eb871cbd9609",
      "DiffID": "sha256:03901b4a2ea88eeaad62dbe59b072b28b6efa00491962b8741081c5df50c65e0"
    },
    "Digest": "sha1:0d69933c7cd071e82acb24c6e4268e4752f7a3f7"
  },
  {
    "ID": "libc-utils@0.7.1-r0",
    "Name": "libc-utils",
    "Version": "0.7.1-r0",
    "Arch": "x86_64",
    "SrcName": "libc-dev",
    "SrcVersion": "0.7.1-r0",
    "Licenses": [
      "BSD-3-Clause"
    ],
    "DependsOn": [
      "musl-utils@1.1.22-r3"
    ],
    "Layer": {
      "Digest": "sha256:9d48c3bd43c520dc2784e868a780e976b207cbf493eaff8c6596eb871cbd9609",
      "DiffID": "sha256:03901b4a2ea88eeaad62dbe59b072b28b6efa00491962b8741081c5df50c65e0"
    },
    "Digest": "sha1:1ff2cf7a0a53c1e83c8649f27b95aaa07bd4a83e"
  },
  {
    "ID": "libcrypto1.1@1.1.1c-r0",
    "Name": "libcrypto1.1",
    "Version": "1.1.1c-r0",
    "Arch": "x86_64",
    "SrcName": "openssl",
    "SrcVersion": "1.1.1c-r0",
    "Licenses": [
      "OpenSSL"
    ],
    "DependsOn": [
      "musl@1.1.22-r3"
    ],
    "Layer": {
      "Digest": "sha256:9d48c3bd43c520dc2784e868a780e976b207cbf493eaff8c6596eb871cbd9609",
      "DiffID": "sha256:03901b4a2ea88eeaad62dbe59b072b28b6efa00491962b8741081c5df50c65e0"
    },
    "Digest": "sha1:547053af84ac3667548b11b990d7b80ef23b9a3f"
  },
  {
    "ID": "libssl1.1@1.1.1c-r0",
    "Name": "libssl1.1",
    "Version": "1.1.1c-r0",
    "Arch": "x86_64",
    "SrcName": "openssl",
    "SrcVersion": "1.1.1c-r0",
    "Licenses": [
      "OpenSSL"
    ],
    "DependsOn": [
      "libcrypto1.1@1.1.1c-r0",
      "musl@1.1.22-r3"
    ],
    "Layer": {
      "Digest": "sha256:9d48c3bd43c520dc2784e868a780e976b207cbf493eaff8c6596eb871cbd9609",
      "DiffID": "sha256:03901b4a2ea88eeaad62dbe59b072b28b6efa00491962b8741081c5df50c65e0"
    },
    "Digest": "sha1:6f37a428d6f8de036a523d42e6b0c99288153c38"
  },
  {
    "ID": "libtls-standalone@2.9.1-r0",
    "Name": "libtls-standalone",
    "Version": "2.9.1-r0",
    "Arch": "x86_64",
    "SrcName": "libtls-standalone",
    "SrcVersion": "2.9.1-r0",
    "Licenses": [
      "ISC"
    ],
    "DependsOn": [
      "ca-certificates-cacert@20190108-r0",
      "libcrypto1.1@1.1.1c-r0",
      "libssl1.1@1.1.1c-r0",
      "musl@1.1.22-r3"
    ],
    "Layer": {
      "Digest": "sha256:9d48c3bd43c520dc2784e868a780e976b207cbf493eaff8c6596eb871cbd9609",
      "DiffID": "sha256:03901b4a2ea88eeaad62dbe59b072b28b6efa00491962b8741081c5df50c65e0"
    },
    "Digest": "sha1:f149b608e1e33cfad61fbcf9e3fdb6494f7d691a"
  },
  {
    "ID": "musl@1.1.22-r3",
    "Name": "musl",
    "Version": "1.1.22-r3",
    "Arch": "x86_64",
    "SrcName": "musl",
    "SrcVersion": "1.1.22-r3",
    "Licenses": [
      "MIT"
    ],
    "Layer": {
      "Digest": "sha256:9d48c3bd43c520dc2784e868a780e976b207cbf493eaff8c6596eb871cbd9609",
      "DiffID": "sha256:03901b4a2ea88eeaad62dbe59b072b28b6efa00491962b8741081c5df50c65e0"
    },
    "Digest": "sha1:d489e0f3fbb5548758f5ccd2c5a0cef70260ef62"
  },
  {
    "ID": "musl-utils@1.1.22-r3",
    "Name": "musl-utils",
    "Version": "1.1.22-r3",
    "Arch": "x86_64",
    "SrcName": "musl",
    "SrcVersion": "1.1.22-r3",
    "Licenses": [
      "MIT",
      "BSD-3-Clause",
      "GPL-2.0"
    ],
    "DependsOn": [
      "musl@1.1.22-r3",
      "scanelf@1.2.3-r0"
    ],
    "Layer": {
      "Digest": "sha256:9d48c3bd43c520dc2784e868a780e976b207cbf493eaff8c6596eb871cbd9609",
      "DiffID": "sha256:03901b4a2ea88eeaad62dbe59b072b28b6efa00491962b8741081c5df50c65e0"
    },
    "Digest": "sha1:8bb14c727be819d07a1e9d8b998dc94bde989205"
  },
  {
    "ID": "scanelf@1.2.3-r0",
    "Name": "scanelf",
    "Version": "1.2.3-r0",
    "Arch": "x86_64",
    "SrcName": "pax-utils",
    "SrcVersion": "1.2.3-r0",
    "Licenses": [
      "GPL-2.0"
    ],
    "DependsOn": [
      "musl@1.1.22-r3"
    ],
    "Layer": {
      "Digest": "sha256:9d48c3bd43c520dc2784e868a780e976b207cbf493eaff8c6596eb871cbd9609",
      "DiffID": "sha256:03901b4a2ea88eeaad62dbe59b072b28b6efa00491962b8741081c5df50c65e0"
    },
    "Digest": "sha1:cb3059ce358cea0f5f78a0220a2980e6c4916a94"
  },
  {
    "ID": "ssl_client@1.30.1-r2",
    "Name": "ssl_client",
    "Version": "1.30.1-r2",
    "Arch": "x86_64",
    "SrcName": "busybox",
    "SrcVersion": "1.30.1-r2",
    "Licenses": [
      "GPL-2.0"
    ],
    "DependsOn": [
      "libtls-standalone@2.9.1-r0",
      "musl@1.1.22-r3"
    ],
    "Layer": {
      "Digest": "sha256:9d48c3bd43c520dc2784e868a780e976b207cbf493eaff8c6596eb871cbd9609",
      "DiffID": "sha256:03901b4a2ea88eeaad62dbe59b072b28b6efa00491962b8741081c5df50c65e0"
    },
    "Digest": "sha1:1f7afca8301f00cef8a9797124721d9f8c16f586"
  },
  {
    "ID": "zlib@1.2.11-r1",
    "Name": "zlib",
    "Version": "1.2.11-r1",
    "Arch": "x86_64",
    "SrcName": "zlib",
    "SrcVersion": "1.2.11-r1",
    "Licenses": [
      "Zlib"
    ],
    "DependsOn": [
      "musl@1.1.22-r3"
    ],
    "Layer": {
      "Digest": "sha256:9d48c3bd43c520dc2784e868a780e976b207cbf493eaff8c6596eb871cbd9609",
      "DiffID": "sha256:03901b4a2ea88eeaad62dbe59b072b28b6efa00491962b8741081c5df50c65e0"
    },
    "Digest": "sha1:bacb380dfa6f2f5e8dc366144f09b3181001cf76"
  }
]