{
  "SchemaVersion": 2,
  "ArtifactName": "testdata/fixtures/repo/conan",
  "ArtifactType": "repository",
  "Metadata": {
    "ImageConfig": {
      "architecture": "",
      "created": "0001-01-01T00:00:00Z",
      "os": "",
      "rootfs": {
        "type": "",
        "diff_ids": null
      },
      "config": {}
    }
  },
  "Results": [
    {
      "Target": "conan.lock",
      "Class": "lang-pkgs",
      "Type": "conan",
      "Packages": [
        {
          "ID": "bzip2/1.0.8",
          "Name": "bzip2",
          "Version": "1.0.8",
          "Indirect": true,
          "Layer": {}
        },
        {
          "ID": "expat/2.4.8",
          "Name": "expat",
          "Version": "2.4.8",
          "Indirect": true,
          "Layer": {}
        },
        {
          "ID": "openssl/1.1.1q",
          "Name": "openssl",
          "Version": "1.1.1q",
          "Indirect": true,
          "Layer": {}
        },
        {
          "ID": "pcre/8.43",
          "Name": "pcre",
          "Version": "8.43",
          "Indirect": true,
          "DependsOn": [
            "bzip2/1.0.8",
            "zlib/1.2.12"
          ],
          "Layer": {}
        },
        {
          "ID": "poco/1.9.4",
          "Name": "poco",
          "Version": "1.9.4",
          "DependsOn": [
            "pcre/8.43",
            "zlib/1.2.12",
            "expat/2.4.8",
            "sqlite3/3.39.2",
            "openssl/1.1.1q"
          ],
          "Layer": {}
        },
        {
          "ID": "sqlite3/3.39.2",
          "Name": "sqlite3",
          "Version": "3.39.2",
          "Indirect": true,
          "Layer": {}
        },
        {
          "ID": "zlib/1.2.12",
          "Name": "zlib",
          "Version": "1.2.12",
          "Indirect": true,
          "Layer": {}
        }
      ],
      "Vulnerabilities": [
        {
          "VulnerabilityID": "CVE-2020-14155",
          "PkgID": "pcre/8.43",
          "PkgName": "pcre",
          "InstalledVersion": "8.43",
          "FixedVersion": "8.45",
          "Status": "fixed",
          "Layer": {},
          "Severity": "UNKNOWN"
        }
      ]
    }
  ]
}
