{
  "SchemaVersion": 2,
  "ArtifactName": "testdata/fixtures/repo/poetry",
  "ArtifactType": "repository",
  "Metadata": {
    "ImageConfig": {
      "architecture": "",
      "created": "0001-01-01T00:00:00Z",
      "os": "",
      "rootfs": {
        "type": "",
        "diff_ids": null
      },
      "config": {}
    }
  },
  "Results": [
    {
      "Target": "poetry.lock",
      "Class": "lang-pkgs",
      "Type": "poetry",
      "Packages": [
        {
          "ID": "click@8.1.3",
          "Name": "click",
          "Version": "8.1.3",
          "DependsOn": [
            "colorama@0.4.6"
          ],
          "Layer": {}
        },
        {
          "ID": "colorama@0.4.6",
          "Name": "colorama",
          "Version": "0.4.6",
          "Indirect": true,
          "Layer": {}
        },
        {
          "ID": "werkzeug@0.14",
          "Name": "werkzeug",
          "Version": "0.14",
          "Layer": {}
        }
      ],
      "Vulnerabilities": [
        {
          "VulnerabilityID": "CVE-2019-14806",
          "PkgID": "werkzeug@0.14",
          "PkgName": "werkzeug",
          "InstalledVersion": "0.14",
          "FixedVersion": "0.15.3",
          "Status": "fixed",
          "Layer": {},
          "SeveritySource": "ghsa",
          "PrimaryURL": "https://avd.aquasec.com/nvd/cve-2019-14806",
          "DataSource": {
            "ID": "ghsa",
            "Name": "GitHub Security Advisory Pip",
            "URL": "https://github.com/advisories?query=type%3Areviewed+ecosystem%3Apip"
          },
          "Title": "python-werkzeug: insufficient debugger PIN randomness vulnerability",
          "Description": "Pallets Werkzeug before 0.15.3, when used with Docker, has insufficient debugger PIN randomness because Docker containers share the same machine id.",
          "Severity": "HIGH",
          "CweIDs": [
            "CWE-331"
          ],
          "CVSS": {
            "nvd": {
              "V2Vector": "AV:N/AC:L/Au:N/C:P/I:N/A:N",
              "V3Vector": "CVSS:3.0/AV:N/AC:L/PR:N/UI:N/S:U/C:H/I:N/A:N",
              "V2Score": 5,
              "V3Score": 7.5
            },
            "redhat": {
              "V3Vector": "CVSS:3.0/AV:N/AC:L/PR:N/UI:N/S:U/C:H/I:N/A:N",
              "V3Score": 7.5
            }
          },
          "References": [
            "http://lists.opensuse.org/opensuse-security-announce/2019-09/msg00034.html",
            "http://lists.opensuse.org/opensuse-security-announce/2019-09/msg00047.html",
            "https://access.redhat.com/security/cve/CVE-2019-14806",
            "https://cve.mitre.org/cgi-bin/cvename.cgi?name=CVE-2019-14806",
            "https://github.com/advisories/GHSA-gq9m-qvpx-68hc",
            "https://github.com/pallets/werkzeug/blob/7fef41b120327d3912fbe12fb64f1951496fcf3e/src/werkzeug/debug/__init__.py#L168",
            "https://github.com/pallets/werkzeug/commit/00bc43b1672e662e5e3b8cecd79e67fc968fa246",
            "https://nvd.nist.gov/vuln/detail/CVE-2019-14806",
            "https://palletsprojects.com/blog/werkzeug-0-15-3-released/",
            "https://ubuntu.com/security/notices/USN-4655-1"
          ],
          "PublishedDate": "2019-08-09T15:15:00Z",
          "LastModifiedDate": "2019-09-11T00:15:00Z"
        }
      ]
    }
  ]
}
